-------------------- Log Start | Tue Apr  7 10:28:40 2026 --------------------
platform: Linux-6.12.76-x86_64-with-glibc2.41
data_path: /opt/printer_data
is_default_data_path: False
config_file: /opt/printer_data/config/moonraker.conf
backup_config: None
startup_warnings: []
verbose: False
debug: False
asyncio_debug: False
is_backup_config: False
is_python_package: False
instance_uuid: 38f8bf5407c34c499b5cfd66cee62da2
unix_socket_path: /opt/printer_data/comms/moonraker.sock
structured_logging: False
software_version: v0.10.0-19-g1ed102e-prind
log_file: /opt/printer_data/logs/moonraker.log
python_version: 3.12.13 (main, Mar 16 2026, 23:06:54) [GCC 14.2.0]
launch_args: /opt/venv/bin/python moonraker/moonraker/moonraker.py -d /opt/printer_data
msgspec_enabled: False
uvloop_enabled: False
2026-04-07 10:28:40,700 [confighelper.py:read_file()] - Configuration File '/opt/printer_data/config/moonraker.conf' parsed, total size: 688 B
2026-04-07 10:28:40,700 [server.py:add_log_rollover_item()] - 
#################### Moonraker Configuration ####################

[server]
host = 0.0.0.0
port = 7125
klippy_uds_address = /opt/printer_data/run/klipper.sock

[file_manager]
queue_gcode_uploads = False
enable_object_processing = True
enable_config_write_access = True

[job_queue]
load_on_startup = True

[data_store]
temperature_store_size = 1800
gcode_store_size = 1000

[authorization]
cors_domains = 
	http://*.local
	http://*.local:*
	http://localhost
	http://localhost:*
	http://127.0.0.1
	http://127.0.0.1:*
trusted_clients = 
	10.0.0.0/8
	127.0.0.0/8
	169.254.0.0/16
	172.16.0.0/12
	192.168.0.0/16
	FE80::/10
	::1/128

[octoprint_compat]

[history]

[update_manager]
enable_system_updates = False

[machine]
provider = none
validate_service = false

#################################################################
All Configuration Files:
/opt/printer_data/config/moonraker.conf
#################################################################
2026-04-07 10:28:40,719 [server.py:load_component()] - Component (secrets) loaded
2026-04-07 10:28:40,722 [server.py:load_component()] - Component (template) loaded
2026-04-07 10:28:40,723 [server.py:load_component()] - Component (klippy_connection) loaded
2026-04-07 10:28:40,892 [application.py:__init__()] - Detected Tornado Version 6.5.5
2026-04-07 10:28:40,893 [server.py:load_component()] - Component (application) loaded
2026-04-07 10:28:40,897 [server.py:load_component()] - Component (websockets) loaded
2026-04-07 10:28:40,908 [server.py:add_log_rollover_item()] - Loading Sqlite database provider. Sqlite Version: 3.46.1
2026-04-07 10:28:40,924 [server.py:add_log_rollover_item()] - Created default SQL table namespace_store
2026-04-07 10:28:40,925 [server.py:add_log_rollover_item()] - Unsafe Shutdown Count: 0
2026-04-07 10:28:40,926 [server.py:load_component()] - Component (database) loaded
2026-04-07 10:28:40,942 [server.py:load_component()] - Component (dbus_manager) loaded
2026-04-07 10:28:40,959 [file_manager.py:__init__()] - Using File System Observer: inotify
2026-04-07 10:28:40,961 [server.py:load_component()] - Component (file_manager) loaded
2026-04-07 10:28:40,971 [database.py:register_table()] - Creating table authorized_users...
2026-04-07 10:28:40,974 [authorization.py:__init__()] - Authorization Configuration Loaded
Trusted Clients:
10.0.0.0/8
127.0.0.0/8
169.254.0.0/16
172.16.0.0/12
192.168.0.0/16
fe80::/10
::1/128
CORS Domains:
http://.*\.local
http://.*\.local:.*
http://localhost
http://localhost:.*
http://127\.0\.0\.1
http://127\.0\.0\.1:.*
2026-04-07 10:28:40,974 [server.py:load_component()] - Component (authorization) loaded
2026-04-07 10:28:40,976 [server.py:load_component()] - Component (klippy_apis) loaded
2026-04-07 10:28:40,991 [machine.py:_check_inside_container()] - Container detected via sched: docker
2026-04-07 10:28:40,991 [server.py:add_log_rollover_item()] - 
System Info:

***python***
  version: (3, 12, 13, 'final', 0)
  version_string: 3.12.13 (main, Mar 16 2026, 23:06:54) [GCC 14.2.0]

***cpu_info***
  cpu_count: 32
  bits: 64bit
  processor: x86_64
  cpu_desc: Intel(R) Core(TM) i9-14900KF
  serial_number: 
  hardware_desc: 
  model: 
  total_memory: 65646872
  memory_units: kB

***sd_info***

***distribution***
  name: Debian GNU/Linux 13 (trixie)
  id: debian
  version: 13
  version_parts: {'major': '13', 'minor': '', 'build_number': ''}
  like: 
  codename: trixie
  release_info: {}
  kernel_version: 6.12.76

***virtualization***
  virt_type: container
  virt_identifier: docker

***network***

***canbus***

***Allowed Services***
  klipper_mcu
  webcamd
  MoonCord
  KlipperScreen
  moonraker-telegram-bot
  moonraker-obico
  sonar
  crowsnest
  octoeverywhere
  ratos-configurator
2026-04-07 10:28:40,994 [server.py:load_component()] - Component (shell_command) loaded
2026-04-07 10:28:40,994 [machine.py:__init__()] - Using System Provider: none
2026-04-07 10:28:40,995 [server.py:add_log_rollover_item()] - Module libcamera unavailable, import failed
2026-04-07 10:28:40,995 [server.py:load_component()] - Component (machine) loaded
2026-04-07 10:28:40,996 [server.py:load_component()] - Component (data_store) loaded
2026-04-07 10:28:40,999 [proc_stats.py:__init__()] - Unable to find 'vcgencmd', throttle checking disabled
2026-04-07 10:28:40,999 [proc_stats.py:_get_cpu_thermal_file()] - Monitoring temperature for Intel CPU
2026-04-07 10:28:40,999 [server.py:load_component()] - Component (proc_stats) loaded
2026-04-07 10:28:41,000 [server.py:load_component()] - Component (job_state) loaded
2026-04-07 10:28:41,005 [server.py:load_component()] - Component (job_queue) loaded
2026-04-07 10:28:41,009 [database.py:register_table()] - Creating table job_history...
2026-04-07 10:28:41,011 [database.py:register_table()] - Creating table job_totals...
2026-04-07 10:28:41,012 [history.py:migrate()] - Migrating history totals from moonraker namespace...
2026-04-07 10:28:41,014 [server.py:load_component()] - Component (history) loaded
2026-04-07 10:28:41,018 [server.py:load_component()] - Component (http_client) loaded
2026-04-07 10:28:41,023 [server.py:load_component()] - Component (announcements) loaded
2026-04-07 10:28:41,026 [server.py:load_component()] - Component (webcam) loaded
2026-04-07 10:28:41,027 [server.py:load_component()] - Component (extensions) loaded
2026-04-07 10:28:41,030 [server.py:load_component()] - Component (octoprint_compat) loaded
2026-04-07 10:28:41,063 [server.py:load_component()] - Component (update_manager) loaded
2026-04-07 10:28:41,064 [server.py:_initialize_component()] - Performing Component Post Init: [database]
2026-04-07 10:28:41,065 [server.py:_initialize_component()] - Performing Component Post Init: [dbus_manager]
2026-04-07 10:28:41,066 [dbus_manager.py:component_init()] - Unable to Connect to D-Bus
2026-04-07 10:28:41,066 [server.py:_initialize_component()] - Performing Component Post Init: [authorization]
2026-04-07 10:28:41,066 [server.py:_initialize_component()] - Performing Component Post Init: [machine]
2026-04-07 10:28:41,066 [machine.py:update_usb_ids()] - Fetching latest usb.ids file...
2026-04-07 10:28:41,068 [machine.py:validation_init()] - Installation version in database up to date
2026-04-07 10:28:41,070 [machine.py:_find_public_ip()] - Detected Local IP: 172.18.0.3
2026-04-07 10:28:41,070 [server.py:_initialize_component()] - Performing Component Post Init: [proc_stats]
2026-04-07 10:28:41,070 [server.py:_initialize_component()] - Performing Component Post Init: [history]
2026-04-07 10:28:41,070 [webcam.py:_set_default_host_ip()] - Default public webcam address set: http://172.18.0.3
2026-04-07 10:28:41,073 [server.py:_initialize_component()] - Performing Component Post Init: [announcements]
2026-04-07 10:28:41,073 [server.py:_initialize_component()] - Performing Component Post Init: [webcam]
2026-04-07 10:28:41,073 [webcam.py:_set_default_host_ip()] - Default public webcam address set: http://172.18.0.3
2026-04-07 10:28:41,074 [server.py:_initialize_component()] - Performing Component Post Init: [klippy_connection]
2026-04-07 10:28:41,074 [server.py:_initialize_component()] - Performing Component Post Init: [update_manager]
2026-04-07 10:28:41,076 [confighelper.py:create_backup()] - Backing up last working configuration to '/opt/printer_data/config/.moonraker.conf.bkp'
2026-04-07 10:28:41,077 [extensions.py:start_unix_server()] - Creating Unix Domain Socket at '/opt/printer_data/comms/moonraker.sock'
2026-04-07 10:28:41,077 [server.py:start_server()] - Starting Moonraker on (0.0.0.0, 7125), Hostname: 811d6ded8c95
2026-04-07 10:28:41,077 [application.py:listen()] - SSL Certificate/Key not configured, aborting HTTPS Server startup
2026-04-07 10:28:41,328 [klippy_connection.py:_do_connect()] - Klippy Connection Established
2026-04-07 10:28:41,578 [server.py:add_log_rollover_item()] - Klipper Version: v0.13.0-595-gb0e6ca45f-prind
2026-04-07 10:28:41,578 [klippy_connection.py:_save_path_info()] - Updated Stored Klipper Source Path: /opt/klipper
2026-04-07 10:28:41,578 [klippy_connection.py:_save_path_info()] - Updated Stored Klipper Python Path: /opt/venv/bin/python
2026-04-07 10:28:41,579 [server.py:add_warning()] - Supplied path (/opt/klipper/config) for (config_examples) is invalid. Make sure
that the path exists and is not the file system root.
2026-04-07 10:28:41,579 [server.py:add_warning()] - Supplied path (/opt/klipper/docs) for (docs) is invalid. Make sure
that the path exists and is not the file system root.
2026-04-07 10:28:42,087 [machine.py:update_usb_ids()] - Writing usb.ids file...
2026-04-07 10:29:08,293 [server.py:_handle_term_signal()] - Exiting with signal SIGTERM
2026-04-07 10:29:08,393 [klippy_connection.py:_on_connection_closed()] - Klippy Connection Removed
2026-04-07 10:29:08,397 [server.py:main()] - Server Shutdown
-------------------- Log Start | Tue Apr  7 10:29:19 2026 --------------------
platform: Linux-6.12.76-x86_64-with-glibc2.41
data_path: /opt/printer_data
is_default_data_path: False
config_file: /opt/printer_data/config/moonraker.conf
backup_config: /opt/printer_data/config/.moonraker.conf.bkp
startup_warnings: []
verbose: False
debug: False
asyncio_debug: False
is_backup_config: False
is_python_package: False
instance_uuid: 3ad6ca30bc684bad84d6926d9ff8b4cc
unix_socket_path: /opt/printer_data/comms/moonraker.sock
structured_logging: False
software_version: v0.10.0-19-g1ed102e-prind
log_file: /opt/printer_data/logs/moonraker.log
python_version: 3.12.13 (main, Mar 16 2026, 23:06:54) [GCC 14.2.0]
launch_args: /opt/venv/bin/python moonraker/moonraker/moonraker.py -d /opt/printer_data
msgspec_enabled: False
uvloop_enabled: False
2026-04-07 10:29:19,432 [confighelper.py:read_file()] - Configuration File '/opt/printer_data/config/moonraker.conf' parsed, total size: 688 B
2026-04-07 10:29:19,432 [server.py:add_log_rollover_item()] - 
#################### Moonraker Configuration ####################

[server]
host = 0.0.0.0
port = 7125
klippy_uds_address = /opt/printer_data/run/klipper.sock

[file_manager]
queue_gcode_uploads = False
enable_object_processing = True
enable_config_write_access = True

[job_queue]
load_on_startup = True

[data_store]
temperature_store_size = 1800
gcode_store_size = 1000

[authorization]
cors_domains = 
	http://*.local
	http://*.local:*
	http://localhost
	http://localhost:*
	http://127.0.0.1
	http://127.0.0.1:*
trusted_clients = 
	10.0.0.0/8
	127.0.0.0/8
	169.254.0.0/16
	172.16.0.0/12
	192.168.0.0/16
	FE80::/10
	::1/128

[octoprint_compat]

[history]

[update_manager]
enable_system_updates = False

[machine]
provider = none
validate_service = false

#################################################################
All Configuration Files:
/opt/printer_data/config/moonraker.conf
#################################################################
2026-04-07 10:29:19,447 [server.py:load_component()] - Component (secrets) loaded
2026-04-07 10:29:19,450 [server.py:load_component()] - Component (template) loaded
2026-04-07 10:29:19,450 [server.py:load_component()] - Component (klippy_connection) loaded
2026-04-07 10:29:19,608 [application.py:__init__()] - Detected Tornado Version 6.5.5
2026-04-07 10:29:19,608 [server.py:load_component()] - Component (application) loaded
2026-04-07 10:29:19,612 [server.py:load_component()] - Component (websockets) loaded
2026-04-07 10:29:19,620 [server.py:add_log_rollover_item()] - Loading Sqlite database provider. Sqlite Version: 3.46.1
2026-04-07 10:29:19,620 [server.py:add_log_rollover_item()] - Database: Stored Instance ID does not match current Instance ID.

Current UUID: 3ad6ca30bc684bad84d6926d9ff8b4cc
Stored UUID: 38f8bf5407c34c499b5cfd66cee62da2
2026-04-07 10:29:19,621 [server.py:add_log_rollover_item()] - Unsafe Shutdown Count: 0
2026-04-07 10:29:19,621 [server.py:load_component()] - Component (database) loaded
2026-04-07 10:29:19,633 [server.py:load_component()] - Component (dbus_manager) loaded
2026-04-07 10:29:19,649 [file_manager.py:__init__()] - Using File System Observer: inotify
2026-04-07 10:29:19,651 [server.py:load_component()] - Component (file_manager) loaded
2026-04-07 10:29:19,657 [database.py:register_table()] - Found registered table authorized_users
2026-04-07 10:29:19,657 [authorization.py:__init__()] - Authorization Configuration Loaded
Trusted Clients:
10.0.0.0/8
127.0.0.0/8
169.254.0.0/16
172.16.0.0/12
192.168.0.0/16
fe80::/10
::1/128
CORS Domains:
http://.*\.local
http://.*\.local:.*
http://localhost
http://localhost:.*
http://127\.0\.0\.1
http://127\.0\.0\.1:.*
2026-04-07 10:29:19,658 [server.py:load_component()] - Component (authorization) loaded
2026-04-07 10:29:19,660 [server.py:load_component()] - Component (klippy_apis) loaded
2026-04-07 10:29:19,675 [machine.py:_check_inside_container()] - Container detected via sched: docker
2026-04-07 10:29:19,675 [server.py:add_log_rollover_item()] - 
System Info:

***python***
  version: (3, 12, 13, 'final', 0)
  version_string: 3.12.13 (main, Mar 16 2026, 23:06:54) [GCC 14.2.0]

***cpu_info***
  cpu_count: 32
  bits: 64bit
  processor: x86_64
  cpu_desc: Intel(R) Core(TM) i9-14900KF
  serial_number: 
  hardware_desc: 
  model: 
  total_memory: 65646872
  memory_units: kB

***sd_info***

***distribution***
  name: Debian GNU/Linux 13 (trixie)
  id: debian
  version: 13
  version_parts: {'major': '13', 'minor': '', 'build_number': ''}
  like: 
  codename: trixie
  release_info: {}
  kernel_version: 6.12.76

***virtualization***
  virt_type: container
  virt_identifier: docker

***network***

***canbus***

***Allowed Services***
  klipper_mcu
  webcamd
  MoonCord
  KlipperScreen
  moonraker-telegram-bot
  moonraker-obico
  sonar
  crowsnest
  octoeverywhere
  ratos-configurator
2026-04-07 10:29:19,677 [server.py:load_component()] - Component (shell_command) loaded
2026-04-07 10:29:19,677 [machine.py:__init__()] - Using System Provider: none
2026-04-07 10:29:19,678 [server.py:add_log_rollover_item()] - Module libcamera unavailable, import failed
2026-04-07 10:29:19,678 [server.py:load_component()] - Component (machine) loaded
2026-04-07 10:29:19,680 [server.py:load_component()] - Component (data_store) loaded
2026-04-07 10:29:19,682 [proc_stats.py:__init__()] - Unable to find 'vcgencmd', throttle checking disabled
2026-04-07 10:29:19,682 [proc_stats.py:_get_cpu_thermal_file()] - Monitoring temperature for Intel CPU
2026-04-07 10:29:19,682 [server.py:load_component()] - Component (proc_stats) loaded
2026-04-07 10:29:19,683 [server.py:load_component()] - Component (job_state) loaded
2026-04-07 10:29:19,684 [server.py:load_component()] - Component (job_queue) loaded
2026-04-07 10:29:19,687 [database.py:register_table()] - Found registered table job_history
2026-04-07 10:29:19,687 [database.py:register_table()] - Found registered table job_totals
2026-04-07 10:29:19,687 [server.py:load_component()] - Component (history) loaded
2026-04-07 10:29:19,690 [server.py:load_component()] - Component (http_client) loaded
2026-04-07 10:29:19,692 [server.py:load_component()] - Component (announcements) loaded
2026-04-07 10:29:19,694 [server.py:load_component()] - Component (webcam) loaded
2026-04-07 10:29:19,695 [server.py:load_component()] - Component (extensions) loaded
2026-04-07 10:29:19,722 [server.py:load_component()] - Component (update_manager) loaded
2026-04-07 10:29:19,723 [server.py:load_component()] - Component (octoprint_compat) loaded
2026-04-07 10:29:19,723 [server.py:_initialize_component()] - Performing Component Post Init: [database]
2026-04-07 10:29:19,725 [server.py:_initialize_component()] - Performing Component Post Init: [dbus_manager]
2026-04-07 10:29:19,725 [dbus_manager.py:component_init()] - Unable to Connect to D-Bus
2026-04-07 10:29:19,726 [server.py:_initialize_component()] - Performing Component Post Init: [authorization]
2026-04-07 10:29:19,726 [server.py:_initialize_component()] - Performing Component Post Init: [machine]
2026-04-07 10:29:19,726 [machine.py:validation_init()] - Installation version in database up to date
2026-04-07 10:29:19,726 [machine.py:update_usb_ids()] - Fetching latest usb.ids file...
2026-04-07 10:29:19,728 [machine.py:_find_public_ip()] - Detected Local IP: 172.18.0.3
2026-04-07 10:29:19,728 [server.py:_initialize_component()] - Performing Component Post Init: [proc_stats]
2026-04-07 10:29:19,728 [server.py:_initialize_component()] - Performing Component Post Init: [history]
2026-04-07 10:29:19,728 [webcam.py:_set_default_host_ip()] - Default public webcam address set: http://172.18.0.3
2026-04-07 10:29:19,728 [server.py:_initialize_component()] - Performing Component Post Init: [announcements]
2026-04-07 10:29:19,729 [server.py:_initialize_component()] - Performing Component Post Init: [webcam]
2026-04-07 10:29:19,729 [webcam.py:_set_default_host_ip()] - Default public webcam address set: http://172.18.0.3
2026-04-07 10:29:19,729 [server.py:_initialize_component()] - Performing Component Post Init: [klippy_connection]
2026-04-07 10:29:19,729 [server.py:_initialize_component()] - Performing Component Post Init: [update_manager]
2026-04-07 10:29:19,731 [extensions.py:start_unix_server()] - Creating Unix Domain Socket at '/opt/printer_data/comms/moonraker.sock'
2026-04-07 10:29:19,731 [server.py:start_server()] - Starting Moonraker on (0.0.0.0, 7125), Hostname: bd47b466ce99
2026-04-07 10:29:19,731 [application.py:listen()] - SSL Certificate/Key not configured, aborting HTTPS Server startup
2026-04-07 10:29:19,982 [klippy_connection.py:_do_connect()] - Klippy Connection Established
2026-04-07 10:29:20,234 [server.py:add_log_rollover_item()] - Klipper Version: v0.13.0-595-gb0e6ca45f-prind
2026-04-07 10:29:20,234 [server.py:add_warning()] - Supplied path (/opt/klipper/config) for (config_examples) is invalid. Make sure
that the path exists and is not the file system root.
2026-04-07 10:29:20,234 [server.py:add_warning()] - Supplied path (/opt/klipper/docs) for (docs) is invalid. Make sure
that the path exists and is not the file system root.
2026-04-07 10:29:20,794 [machine.py:update_usb_ids()] - Writing usb.ids file...
2026-04-07 10:29:41,832 [server.py:_handle_term_signal()] - Exiting with signal SIGTERM
2026-04-07 10:29:41,933 [klippy_connection.py:_on_connection_closed()] - Klippy Connection Removed
2026-04-07 10:29:41,937 [server.py:main()] - Server Shutdown
-------------------- Log Start | Tue Apr  7 10:29:53 2026 --------------------
platform: Linux-6.12.76-x86_64-with-glibc2.41
data_path: /opt/printer_data
is_default_data_path: False
config_file: /opt/printer_data/config/moonraker.conf
backup_config: /opt/printer_data/config/.moonraker.conf.bkp
startup_warnings: []
verbose: False
debug: False
asyncio_debug: False
is_backup_config: False
is_python_package: False
instance_uuid: d2181cc4c03d4ba6ab664f4c70be7f84
unix_socket_path: /opt/printer_data/comms/moonraker.sock
structured_logging: False
software_version: v0.10.0-19-g1ed102e-prind
log_file: /opt/printer_data/logs/moonraker.log
python_version: 3.12.13 (main, Mar 16 2026, 23:06:54) [GCC 14.2.0]
launch_args: /opt/venv/bin/python moonraker/moonraker/moonraker.py -d /opt/printer_data
msgspec_enabled: False
uvloop_enabled: False
2026-04-07 10:29:53,078 [confighelper.py:read_file()] - Configuration File '/opt/printer_data/config/moonraker.conf' parsed, total size: 688 B
2026-04-07 10:29:53,078 [server.py:add_log_rollover_item()] - 
#################### Moonraker Configuration ####################

[server]
host = 0.0.0.0
port = 7125
klippy_uds_address = /opt/printer_data/run/klipper.sock

[file_manager]
queue_gcode_uploads = False
enable_object_processing = True
enable_config_write_access = True

[job_queue]
load_on_startup = True

[data_store]
temperature_store_size = 1800
gcode_store_size = 1000

[authorization]
cors_domains = 
	http://*.local
	http://*.local:*
	http://localhost
	http://localhost:*
	http://127.0.0.1
	http://127.0.0.1:*
trusted_clients = 
	10.0.0.0/8
	127.0.0.0/8
	169.254.0.0/16
	172.16.0.0/12
	192.168.0.0/16
	FE80::/10
	::1/128

[octoprint_compat]

[history]

[update_manager]
enable_system_updates = False

[machine]
provider = none
validate_service = false

#################################################################
All Configuration Files:
/opt/printer_data/config/moonraker.conf
#################################################################
2026-04-07 10:29:53,093 [server.py:load_component()] - Component (secrets) loaded
2026-04-07 10:29:53,095 [server.py:load_component()] - Component (template) loaded
2026-04-07 10:29:53,096 [server.py:load_component()] - Component (klippy_connection) loaded
2026-04-07 10:29:53,275 [application.py:__init__()] - Detected Tornado Version 6.5.5
2026-04-07 10:29:53,275 [server.py:load_component()] - Component (application) loaded
2026-04-07 10:29:53,279 [server.py:load_component()] - Component (websockets) loaded
2026-04-07 10:29:53,287 [server.py:add_log_rollover_item()] - Loading Sqlite database provider. Sqlite Version: 3.46.1
2026-04-07 10:29:53,287 [server.py:add_log_rollover_item()] - Database: Stored Instance ID does not match current Instance ID.

Current UUID: d2181cc4c03d4ba6ab664f4c70be7f84
Stored UUID: 38f8bf5407c34c499b5cfd66cee62da2
2026-04-07 10:29:53,287 [server.py:add_log_rollover_item()] - Unsafe Shutdown Count: 0
2026-04-07 10:29:53,287 [server.py:load_component()] - Component (database) loaded
2026-04-07 10:29:53,300 [server.py:load_component()] - Component (dbus_manager) loaded
2026-04-07 10:29:53,316 [file_manager.py:__init__()] - Using File System Observer: inotify
2026-04-07 10:29:53,318 [server.py:load_component()] - Component (file_manager) loaded
2026-04-07 10:29:53,324 [database.py:register_table()] - Found registered table authorized_users
2026-04-07 10:29:53,324 [authorization.py:__init__()] - Authorization Configuration Loaded
Trusted Clients:
10.0.0.0/8
127.0.0.0/8
169.254.0.0/16
172.16.0.0/12
192.168.0.0/16
fe80::/10
::1/128
CORS Domains:
http://.*\.local
http://.*\.local:.*
http://localhost
http://localhost:.*
http://127\.0\.0\.1
http://127\.0\.0\.1:.*
2026-04-07 10:29:53,325 [server.py:load_component()] - Component (authorization) loaded
2026-04-07 10:29:53,327 [server.py:load_component()] - Component (klippy_apis) loaded
2026-04-07 10:29:53,346 [machine.py:_check_inside_container()] - Container detected via sched: docker
2026-04-07 10:29:53,346 [server.py:add_log_rollover_item()] - 
System Info:

***python***
  version: (3, 12, 13, 'final', 0)
  version_string: 3.12.13 (main, Mar 16 2026, 23:06:54) [GCC 14.2.0]

***cpu_info***
  cpu_count: 32
  bits: 64bit
  processor: x86_64
  cpu_desc: Intel(R) Core(TM) i9-14900KF
  serial_number: 
  hardware_desc: 
  model: 
  total_memory: 65646872
  memory_units: kB

***sd_info***

***distribution***
  name: Debian GNU/Linux 13 (trixie)
  id: debian
  version: 13
  version_parts: {'major': '13', 'minor': '', 'build_number': ''}
  like: 
  codename: trixie
  release_info: {}
  kernel_version: 6.12.76

***virtualization***
  virt_type: container
  virt_identifier: docker

***network***

***canbus***

***Allowed Services***
  klipper_mcu
  webcamd
  MoonCord
  KlipperScreen
  moonraker-telegram-bot
  moonraker-obico
  sonar
  crowsnest
  octoeverywhere
  ratos-configurator
2026-04-07 10:29:53,349 [server.py:load_component()] - Component (shell_command) loaded
2026-04-07 10:29:53,349 [machine.py:__init__()] - Using System Provider: none
2026-04-07 10:29:53,350 [server.py:add_log_rollover_item()] - Module libcamera unavailable, import failed
2026-04-07 10:29:53,350 [server.py:load_component()] - Component (machine) loaded
2026-04-07 10:29:53,351 [server.py:load_component()] - Component (data_store) loaded
2026-04-07 10:29:53,353 [proc_stats.py:__init__()] - Unable to find 'vcgencmd', throttle checking disabled
2026-04-07 10:29:53,353 [proc_stats.py:_get_cpu_thermal_file()] - Monitoring temperature for Intel CPU
2026-04-07 10:29:53,353 [server.py:load_component()] - Component (proc_stats) loaded
2026-04-07 10:29:53,353 [server.py:load_component()] - Component (job_state) loaded
2026-04-07 10:29:53,355 [server.py:load_component()] - Component (job_queue) loaded
2026-04-07 10:29:53,358 [database.py:register_table()] - Found registered table job_history
2026-04-07 10:29:53,358 [database.py:register_table()] - Found registered table job_totals
2026-04-07 10:29:53,358 [server.py:load_component()] - Component (history) loaded
2026-04-07 10:29:53,360 [server.py:load_component()] - Component (http_client) loaded
2026-04-07 10:29:53,363 [server.py:load_component()] - Component (announcements) loaded
2026-04-07 10:29:53,365 [server.py:load_component()] - Component (webcam) loaded
2026-04-07 10:29:53,366 [server.py:load_component()] - Component (extensions) loaded
2026-04-07 10:29:53,394 [server.py:load_component()] - Component (update_manager) loaded
2026-04-07 10:29:53,396 [server.py:load_component()] - Component (octoprint_compat) loaded
2026-04-07 10:29:53,396 [server.py:_initialize_component()] - Performing Component Post Init: [database]
2026-04-07 10:29:53,398 [server.py:_initialize_component()] - Performing Component Post Init: [dbus_manager]
2026-04-07 10:29:53,399 [dbus_manager.py:component_init()] - Unable to Connect to D-Bus
2026-04-07 10:29:53,399 [server.py:_initialize_component()] - Performing Component Post Init: [authorization]
2026-04-07 10:29:53,399 [server.py:_initialize_component()] - Performing Component Post Init: [machine]
2026-04-07 10:29:53,399 [machine.py:validation_init()] - Installation version in database up to date
2026-04-07 10:29:53,399 [machine.py:update_usb_ids()] - Fetching latest usb.ids file...
2026-04-07 10:29:53,401 [machine.py:_find_public_ip()] - Detected Local IP: 172.18.0.3
2026-04-07 10:29:53,401 [server.py:_initialize_component()] - Performing Component Post Init: [proc_stats]
2026-04-07 10:29:53,401 [server.py:_initialize_component()] - Performing Component Post Init: [history]
2026-04-07 10:29:53,401 [webcam.py:_set_default_host_ip()] - Default public webcam address set: http://172.18.0.3
2026-04-07 10:29:53,402 [server.py:_initialize_component()] - Performing Component Post Init: [announcements]
2026-04-07 10:29:53,402 [server.py:_initialize_component()] - Performing Component Post Init: [webcam]
2026-04-07 10:29:53,402 [webcam.py:_set_default_host_ip()] - Default public webcam address set: http://172.18.0.3
2026-04-07 10:29:53,403 [server.py:_initialize_component()] - Performing Component Post Init: [klippy_connection]
2026-04-07 10:29:53,403 [server.py:_initialize_component()] - Performing Component Post Init: [update_manager]
2026-04-07 10:29:53,405 [extensions.py:start_unix_server()] - Creating Unix Domain Socket at '/opt/printer_data/comms/moonraker.sock'
2026-04-07 10:29:53,405 [server.py:start_server()] - Starting Moonraker on (0.0.0.0, 7125), Hostname: c6d33599c959
2026-04-07 10:29:53,406 [application.py:listen()] - SSL Certificate/Key not configured, aborting HTTPS Server startup
2026-04-07 10:29:53,657 [klippy_connection.py:_do_connect()] - Cannot connect to Klippy, Linux user 'moonraker' lacks permission to open Unix Domain Socket: /opt/printer_data/run/klipper.sock
2026-04-07 10:29:54,441 [machine.py:update_usb_ids()] - Writing usb.ids file...
2026-04-07 10:31:00,608 [authorization.py:_check_trusted_connection()] - Trusted Connection Detected, IP: 172.18.0.1
2026-04-07 10:31:00,609 [application.py:log_request()] - 404 GET /printer/info (172.18.0.1) [_TRUSTED_USER_] 1.29ms
2026-04-07 10:34:26,634 [server.py:_handle_term_signal()] - Exiting with signal SIGTERM
2026-04-07 10:34:26,739 [server.py:main()] - Server Shutdown
-------------------- Log Start | Tue Apr  7 10:34:37 2026 --------------------
platform: Linux-6.12.76-x86_64-with-glibc2.41
data_path: /opt/printer_data
is_default_data_path: False
config_file: /opt/printer_data/config/moonraker.conf
backup_config: /opt/printer_data/config/.moonraker.conf.bkp
startup_warnings: []
verbose: False
debug: False
asyncio_debug: False
is_backup_config: False
is_python_package: False
instance_uuid: 15f63a98106d4daa9fb21c08f7824193
unix_socket_path: /opt/printer_data/comms/moonraker.sock
structured_logging: False
software_version: v0.10.0-19-g1ed102e-prind
log_file: /opt/printer_data/logs/moonraker.log
python_version: 3.12.13 (main, Mar 16 2026, 23:06:54) [GCC 14.2.0]
launch_args: /opt/venv/bin/python moonraker/moonraker/moonraker.py -d /opt/printer_data
msgspec_enabled: False
uvloop_enabled: False
2026-04-07 10:34:37,623 [confighelper.py:read_file()] - Configuration File '/opt/printer_data/config/moonraker.conf' parsed, total size: 688 B
2026-04-07 10:34:37,623 [server.py:add_log_rollover_item()] - 
#################### Moonraker Configuration ####################

[server]
host = 0.0.0.0
port = 7125
klippy_uds_address = /opt/printer_data/run/klipper.sock

[file_manager]
queue_gcode_uploads = False
enable_object_processing = True
enable_config_write_access = True

[job_queue]
load_on_startup = True

[data_store]
temperature_store_size = 1800
gcode_store_size = 1000

[authorization]
cors_domains = 
	http://*.local
	http://*.local:*
	http://localhost
	http://localhost:*
	http://127.0.0.1
	http://127.0.0.1:*
trusted_clients = 
	10.0.0.0/8
	127.0.0.0/8
	169.254.0.0/16
	172.16.0.0/12
	192.168.0.0/16
	FE80::/10
	::1/128

[octoprint_compat]

[history]

[update_manager]
enable_system_updates = False

[machine]
provider = none
validate_service = false

#################################################################
All Configuration Files:
/opt/printer_data/config/moonraker.conf
#################################################################
2026-04-07 10:34:37,640 [server.py:load_component()] - Component (secrets) loaded
2026-04-07 10:34:37,643 [server.py:load_component()] - Component (template) loaded
2026-04-07 10:34:37,644 [server.py:load_component()] - Component (klippy_connection) loaded
2026-04-07 10:34:37,804 [application.py:__init__()] - Detected Tornado Version 6.5.5
2026-04-07 10:34:37,804 [server.py:load_component()] - Component (application) loaded
2026-04-07 10:34:37,809 [server.py:load_component()] - Component (websockets) loaded
2026-04-07 10:34:37,819 [server.py:add_log_rollover_item()] - Loading Sqlite database provider. Sqlite Version: 3.46.1
2026-04-07 10:34:37,819 [server.py:add_log_rollover_item()] - Database: Stored Instance ID does not match current Instance ID.

Current UUID: 15f63a98106d4daa9fb21c08f7824193
Stored UUID: 38f8bf5407c34c499b5cfd66cee62da2
2026-04-07 10:34:37,820 [server.py:add_log_rollover_item()] - Unsafe Shutdown Count: 0
2026-04-07 10:34:37,820 [server.py:load_component()] - Component (database) loaded
2026-04-07 10:34:37,835 [server.py:load_component()] - Component (dbus_manager) loaded
2026-04-07 10:34:37,852 [file_manager.py:__init__()] - Using File System Observer: inotify
2026-04-07 10:34:37,853 [server.py:load_component()] - Component (file_manager) loaded
2026-04-07 10:34:37,860 [database.py:register_table()] - Found registered table authorized_users
2026-04-07 10:34:37,861 [authorization.py:__init__()] - Authorization Configuration Loaded
Trusted Clients:
10.0.0.0/8
127.0.0.0/8
169.254.0.0/16
172.16.0.0/12
192.168.0.0/16
fe80::/10
::1/128
CORS Domains:
http://.*\.local
http://.*\.local:.*
http://localhost
http://localhost:.*
http://127\.0\.0\.1
http://127\.0\.0\.1:.*
2026-04-07 10:34:37,861 [server.py:load_component()] - Component (authorization) loaded
2026-04-07 10:34:37,863 [server.py:load_component()] - Component (klippy_apis) loaded
2026-04-07 10:34:37,881 [machine.py:_check_inside_container()] - Container detected via sched: docker
2026-04-07 10:34:37,881 [server.py:add_log_rollover_item()] - 
System Info:

***python***
  version: (3, 12, 13, 'final', 0)
  version_string: 3.12.13 (main, Mar 16 2026, 23:06:54) [GCC 14.2.0]

***cpu_info***
  cpu_count: 32
  bits: 64bit
  processor: x86_64
  cpu_desc: Intel(R) Core(TM) i9-14900KF
  serial_number: 
  hardware_desc: 
  model: 
  total_memory: 65646872
  memory_units: kB

***sd_info***

***distribution***
  name: Debian GNU/Linux 13 (trixie)
  id: debian
  version: 13
  version_parts: {'major': '13', 'minor': '', 'build_number': ''}
  like: 
  codename: trixie
  release_info: {}
  kernel_version: 6.12.76

***virtualization***
  virt_type: container
  virt_identifier: docker

***network***

***canbus***

***Allowed Services***
  klipper_mcu
  webcamd
  MoonCord
  KlipperScreen
  moonraker-telegram-bot
  moonraker-obico
  sonar
  crowsnest
  octoeverywhere
  ratos-configurator
2026-04-07 10:34:37,884 [server.py:load_component()] - Component (shell_command) loaded
2026-04-07 10:34:37,884 [machine.py:__init__()] - Using System Provider: none
2026-04-07 10:34:37,885 [server.py:add_log_rollover_item()] - Module libcamera unavailable, import failed
2026-04-07 10:34:37,885 [server.py:load_component()] - Component (machine) loaded
2026-04-07 10:34:37,886 [server.py:load_component()] - Component (data_store) loaded
2026-04-07 10:34:37,888 [proc_stats.py:__init__()] - Unable to find 'vcgencmd', throttle checking disabled
2026-04-07 10:34:37,888 [proc_stats.py:_get_cpu_thermal_file()] - Monitoring temperature for Intel CPU
2026-04-07 10:34:37,888 [server.py:load_component()] - Component (proc_stats) loaded
2026-04-07 10:34:37,889 [server.py:load_component()] - Component (job_state) loaded
2026-04-07 10:34:37,890 [server.py:load_component()] - Component (job_queue) loaded
2026-04-07 10:34:37,893 [database.py:register_table()] - Found registered table job_history
2026-04-07 10:34:37,893 [database.py:register_table()] - Found registered table job_totals
2026-04-07 10:34:37,893 [server.py:load_component()] - Component (history) loaded
2026-04-07 10:34:37,896 [server.py:load_component()] - Component (http_client) loaded
2026-04-07 10:34:37,898 [server.py:load_component()] - Component (announcements) loaded
2026-04-07 10:34:37,900 [server.py:load_component()] - Component (webcam) loaded
2026-04-07 10:34:37,901 [server.py:load_component()] - Component (extensions) loaded
2026-04-07 10:34:37,928 [server.py:load_component()] - Component (update_manager) loaded
2026-04-07 10:34:37,930 [server.py:load_component()] - Component (octoprint_compat) loaded
2026-04-07 10:34:37,930 [server.py:_initialize_component()] - Performing Component Post Init: [database]
2026-04-07 10:34:37,932 [server.py:_initialize_component()] - Performing Component Post Init: [dbus_manager]
2026-04-07 10:34:37,932 [dbus_manager.py:component_init()] - Unable to Connect to D-Bus
2026-04-07 10:34:37,932 [server.py:_initialize_component()] - Performing Component Post Init: [authorization]
2026-04-07 10:34:37,932 [server.py:_initialize_component()] - Performing Component Post Init: [machine]
2026-04-07 10:34:37,933 [machine.py:validation_init()] - Installation version in database up to date
2026-04-07 10:34:37,933 [machine.py:update_usb_ids()] - Fetching latest usb.ids file...
2026-04-07 10:34:37,934 [machine.py:_find_public_ip()] - Detected Local IP: 172.18.0.3
2026-04-07 10:34:37,934 [server.py:_initialize_component()] - Performing Component Post Init: [proc_stats]
2026-04-07 10:34:37,934 [server.py:_initialize_component()] - Performing Component Post Init: [history]
2026-04-07 10:34:37,934 [webcam.py:_set_default_host_ip()] - Default public webcam address set: http://172.18.0.3
2026-04-07 10:34:37,935 [server.py:_initialize_component()] - Performing Component Post Init: [announcements]
2026-04-07 10:34:37,935 [server.py:_initialize_component()] - Performing Component Post Init: [webcam]
2026-04-07 10:34:37,935 [webcam.py:_set_default_host_ip()] - Default public webcam address set: http://172.18.0.3
2026-04-07 10:34:37,935 [server.py:_initialize_component()] - Performing Component Post Init: [klippy_connection]
2026-04-07 10:34:37,935 [server.py:_initialize_component()] - Performing Component Post Init: [update_manager]
2026-04-07 10:34:37,937 [extensions.py:start_unix_server()] - Creating Unix Domain Socket at '/opt/printer_data/comms/moonraker.sock'
2026-04-07 10:34:37,938 [server.py:start_server()] - Starting Moonraker on (0.0.0.0, 7125), Hostname: 2b1b673eba07
2026-04-07 10:34:37,938 [application.py:listen()] - SSL Certificate/Key not configured, aborting HTTPS Server startup
2026-04-07 10:34:38,188 [klippy_connection.py:_do_connect()] - Klippy Connection Established
2026-04-07 10:34:38,440 [server.py:add_log_rollover_item()] - Klipper Version: v0.13.0-595-gb0e6ca45f-prind
2026-04-07 10:34:38,440 [server.py:add_warning()] - Supplied path (/opt/klipper/config) for (config_examples) is invalid. Make sure
that the path exists and is not the file system root.
2026-04-07 10:34:38,440 [server.py:add_warning()] - Supplied path (/opt/klipper/docs) for (docs) is invalid. Make sure
that the path exists and is not the file system root.
2026-04-07 10:34:38,999 [machine.py:update_usb_ids()] - Writing usb.ids file...
2026-04-07 10:34:39,695 [klippy_connection.py:_request_initial_subscriptions()] - Webhooks Subscribed
2026-04-07 10:34:39,695 [klippy_connection.py:_request_initial_subscriptions()] - GCode Output Subscribed
2026-04-07 10:34:39,945 [job_state.py:_handle_started()] - Job state initialized: standby
2026-04-07 10:34:40,198 [klippy_connection.py:_check_ready()] - Klippy ready
2026-04-07 10:34:40,698 [data_store.py:_init_sensors()] - Configuring available sensors: ['heater_bed', 'extruder']
2026-04-07 10:34:45,471 [authorization.py:_check_trusted_connection()] - Trusted Connection Detected, IP: 172.18.0.1
2026-04-07 10:37:20,697 [application.py:log_request()] - 404 GET /favicon.ico (172.18.0.1) [_TRUSTED_USER_] 1.10ms
2026-04-07 10:37:56,698 [server.py:_handle_term_signal()] - Exiting with signal SIGTERM
2026-04-07 10:37:56,799 [klippy_connection.py:_on_connection_closed()] - Klippy Connection Removed
2026-04-07 10:37:56,804 [server.py:main()] - Server Shutdown
-------------------- Log Start | Tue Apr  7 10:37:57 2026 --------------------
platform: Linux-6.12.76-x86_64-with-glibc2.41
data_path: /opt/printer_data
is_default_data_path: False
config_file: /opt/printer_data/config/moonraker.conf
backup_config: /opt/printer_data/config/.moonraker.conf.bkp
startup_warnings: []
verbose: False
debug: False
asyncio_debug: False
is_backup_config: False
is_python_package: False
instance_uuid: 15f63a98106d4daa9fb21c08f7824193
unix_socket_path: /opt/printer_data/comms/moonraker.sock
structured_logging: False
software_version: v0.10.0-19-g1ed102e-prind
log_file: /opt/printer_data/logs/moonraker.log
python_version: 3.12.13 (main, Mar 16 2026, 23:06:54) [GCC 14.2.0]
launch_args: /opt/venv/bin/python moonraker/moonraker/moonraker.py -d /opt/printer_data
msgspec_enabled: False
uvloop_enabled: False
2026-04-07 10:37:57,085 [confighelper.py:read_file()] - Configuration File '/opt/printer_data/config/moonraker.conf' parsed, total size: 736 B
2026-04-07 10:37:57,085 [server.py:add_log_rollover_item()] - 
#################### Moonraker Configuration ####################

[server]
host = 0.0.0.0
port = 7125
klippy_uds_address = /opt/printer_data/run/klipper.sock

[file_manager]
queue_gcode_uploads = False
enable_object_processing = True
enable_config_write_access = True

[job_queue]
load_on_startup = True

[data_store]
temperature_store_size = 1800
gcode_store_size = 1000

[authorization]
cors_domains = 
	http://*.local
	http://*.local:*
	http://localhost
	http://localhost:*
	http://localhost:8080
	http://127.0.0.1
	http://127.0.0.1:*
	http://127.0.0.1:8080
trusted_clients = 
	10.0.0.0/8
	127.0.0.0/8
	169.254.0.0/16
	172.16.0.0/12
	192.168.0.0/16
	FE80::/10
	::1/128

[octoprint_compat]

[history]

[update_manager]
enable_system_updates = False

[machine]
provider = none
validate_service = false

#################################################################
All Configuration Files:
/opt/printer_data/config/moonraker.conf
#################################################################
2026-04-07 10:37:57,101 [server.py:load_component()] - Component (secrets) loaded
2026-04-07 10:37:57,102 [server.py:load_component()] - Component (template) loaded
2026-04-07 10:37:57,103 [server.py:load_component()] - Component (klippy_connection) loaded
2026-04-07 10:37:57,158 [application.py:__init__()] - Detected Tornado Version 6.5.5
2026-04-07 10:37:57,158 [server.py:load_component()] - Component (application) loaded
2026-04-07 10:37:57,161 [server.py:load_component()] - Component (websockets) loaded
2026-04-07 10:37:57,162 [server.py:add_log_rollover_item()] - Loading Sqlite database provider. Sqlite Version: 3.46.1
2026-04-07 10:37:57,162 [server.py:add_log_rollover_item()] - Database: Stored Instance ID does not match current Instance ID.

Current UUID: 15f63a98106d4daa9fb21c08f7824193
Stored UUID: 38f8bf5407c34c499b5cfd66cee62da2
2026-04-07 10:37:57,162 [server.py:add_log_rollover_item()] - Unsafe Shutdown Count: 0
2026-04-07 10:37:57,163 [server.py:load_component()] - Component (database) loaded
2026-04-07 10:37:57,168 [server.py:load_component()] - Component (dbus_manager) loaded
2026-04-07 10:37:57,170 [file_manager.py:__init__()] - Using File System Observer: inotify
2026-04-07 10:37:57,172 [server.py:load_component()] - Component (file_manager) loaded
2026-04-07 10:37:57,175 [database.py:register_table()] - Found registered table authorized_users
2026-04-07 10:37:57,175 [authorization.py:__init__()] - Authorization Configuration Loaded
Trusted Clients:
10.0.0.0/8
127.0.0.0/8
169.254.0.0/16
172.16.0.0/12
192.168.0.0/16
fe80::/10
::1/128
CORS Domains:
http://.*\.local
http://.*\.local:.*
http://localhost
http://localhost:.*
http://localhost:8080
http://127\.0\.0\.1
http://127\.0\.0\.1:.*
http://127\.0\.0\.1:8080
2026-04-07 10:37:57,176 [server.py:load_component()] - Component (authorization) loaded
2026-04-07 10:37:57,176 [server.py:load_component()] - Component (klippy_apis) loaded
2026-04-07 10:37:57,182 [machine.py:_check_inside_container()] - Container detected via sched: docker
2026-04-07 10:37:57,182 [server.py:add_log_rollover_item()] - 
System Info:

***python***
  version: (3, 12, 13, 'final', 0)
  version_string: 3.12.13 (main, Mar 16 2026, 23:06:54) [GCC 14.2.0]

***cpu_info***
  cpu_count: 32
  bits: 64bit
  processor: x86_64
  cpu_desc: Intel(R) Core(TM) i9-14900KF
  serial_number: 
  hardware_desc: 
  model: 
  total_memory: 65646872
  memory_units: kB

***sd_info***

***distribution***
  name: Debian GNU/Linux 13 (trixie)
  id: debian
  version: 13
  version_parts: {'major': '13', 'minor': '', 'build_number': ''}
  like: 
  codename: trixie
  release_info: {}
  kernel_version: 6.12.76

***virtualization***
  virt_type: container
  virt_identifier: docker

***network***

***canbus***

***Allowed Services***
  klipper_mcu
  webcamd
  MoonCord
  KlipperScreen
  moonraker-telegram-bot
  moonraker-obico
  sonar
  crowsnest
  octoeverywhere
  ratos-configurator
2026-04-07 10:37:57,182 [server.py:load_component()] - Component (shell_command) loaded
2026-04-07 10:37:57,182 [machine.py:__init__()] - Using System Provider: none
2026-04-07 10:37:57,183 [server.py:add_log_rollover_item()] - Module libcamera unavailable, import failed
2026-04-07 10:37:57,183 [server.py:load_component()] - Component (machine) loaded
2026-04-07 10:37:57,183 [server.py:load_component()] - Component (data_store) loaded
2026-04-07 10:37:57,183 [proc_stats.py:__init__()] - Unable to find 'vcgencmd', throttle checking disabled
2026-04-07 10:37:57,183 [proc_stats.py:_get_cpu_thermal_file()] - Monitoring temperature for Intel CPU
2026-04-07 10:37:57,184 [server.py:load_component()] - Component (proc_stats) loaded
2026-04-07 10:37:57,184 [server.py:load_component()] - Component (job_state) loaded
2026-04-07 10:37:57,184 [server.py:load_component()] - Component (job_queue) loaded
2026-04-07 10:37:57,184 [database.py:register_table()] - Found registered table job_history
2026-04-07 10:37:57,184 [database.py:register_table()] - Found registered table job_totals
2026-04-07 10:37:57,184 [server.py:load_component()] - Component (history) loaded
2026-04-07 10:37:57,185 [server.py:load_component()] - Component (http_client) loaded
2026-04-07 10:37:57,186 [server.py:load_component()] - Component (announcements) loaded
2026-04-07 10:37:57,186 [server.py:load_component()] - Component (webcam) loaded
2026-04-07 10:37:57,186 [server.py:load_component()] - Component (extensions) loaded
2026-04-07 10:37:57,192 [server.py:load_component()] - Component (update_manager) loaded
2026-04-07 10:37:57,193 [server.py:load_component()] - Component (octoprint_compat) loaded
2026-04-07 10:37:57,193 [server.py:_initialize_component()] - Performing Component Post Init: [database]
2026-04-07 10:37:57,194 [server.py:_initialize_component()] - Performing Component Post Init: [dbus_manager]
2026-04-07 10:37:57,194 [dbus_manager.py:component_init()] - Unable to Connect to D-Bus
2026-04-07 10:37:57,194 [server.py:_initialize_component()] - Performing Component Post Init: [authorization]
2026-04-07 10:37:57,195 [server.py:_initialize_component()] - Performing Component Post Init: [machine]
2026-04-07 10:37:57,195 [machine.py:validation_init()] - Installation version in database up to date
2026-04-07 10:37:57,196 [machine.py:_find_public_ip()] - Detected Local IP: 172.18.0.3
2026-04-07 10:37:57,196 [server.py:_initialize_component()] - Performing Component Post Init: [proc_stats]
2026-04-07 10:37:57,196 [server.py:_initialize_component()] - Performing Component Post Init: [history]
2026-04-07 10:37:57,197 [webcam.py:_set_default_host_ip()] - Default public webcam address set: http://172.18.0.3
2026-04-07 10:37:57,197 [server.py:_initialize_component()] - Performing Component Post Init: [announcements]
2026-04-07 10:37:57,197 [server.py:_initialize_component()] - Performing Component Post Init: [webcam]
2026-04-07 10:37:57,197 [webcam.py:_set_default_host_ip()] - Default public webcam address set: http://172.18.0.3
2026-04-07 10:37:57,198 [server.py:_initialize_component()] - Performing Component Post Init: [klippy_connection]
2026-04-07 10:37:57,198 [server.py:_initialize_component()] - Performing Component Post Init: [update_manager]
2026-04-07 10:37:57,200 [confighelper.py:create_backup()] - Backing up last working configuration to '/opt/printer_data/config/.moonraker.conf.bkp'
2026-04-07 10:37:57,201 [extensions.py:start_unix_server()] - Creating Unix Domain Socket at '/opt/printer_data/comms/moonraker.sock'
2026-04-07 10:37:57,201 [server.py:start_server()] - Starting Moonraker on (0.0.0.0, 7125), Hostname: 2b1b673eba07
2026-04-07 10:37:57,201 [application.py:listen()] - SSL Certificate/Key not configured, aborting HTTPS Server startup
2026-04-07 10:37:57,453 [klippy_connection.py:_do_connect()] - Klippy Connection Established
2026-04-07 10:37:57,704 [server.py:add_log_rollover_item()] - Klipper Version: v0.13.0-595-gb0e6ca45f-prind
2026-04-07 10:37:57,704 [server.py:add_warning()] - Supplied path (/opt/klipper/config) for (config_examples) is invalid. Make sure
that the path exists and is not the file system root.
2026-04-07 10:37:57,704 [server.py:add_warning()] - Supplied path (/opt/klipper/docs) for (docs) is invalid. Make sure
that the path exists and is not the file system root.
2026-04-07 10:37:57,705 [klippy_connection.py:_request_initial_subscriptions()] - Webhooks Subscribed
2026-04-07 10:37:57,705 [klippy_connection.py:_request_initial_subscriptions()] - GCode Output Subscribed
2026-04-07 10:37:57,956 [job_state.py:_handle_started()] - Job state initialized: standby
2026-04-07 10:37:58,208 [klippy_connection.py:_check_ready()] - Klippy ready
2026-04-07 10:37:58,708 [data_store.py:_init_sensors()] - Configuring available sensors: ['heater_bed', 'extruder']
2026-04-07 10:40:02,040 [authorization.py:_check_trusted_connection()] - Trusted Connection Detected, IP: 172.18.0.1
2026-04-07 10:40:02,040 [application.py:log_request()] - 101 GET /websocket (172.18.0.1) [_TRUSTED_USER_] 0.57ms
2026-04-07 10:40:02,041 [websockets.py:open()] - Websocket Opened: ID: 140202705853216, Proxied: False, User Agent: Mozilla/5.0 (X11; Linux x86_64; rv:148.0) Gecko/20100101 Firefox/148.0, Host Name: localhost
2026-04-07 10:40:02,049 [file_manager.py:get_file_list()] - Updating File List <config>...
2026-04-07 10:40:03,375 [application.py:log_request()] - 101 GET /websocket (172.18.0.1) [_TRUSTED_USER_] 0.37ms
2026-04-07 10:40:03,375 [websockets.py:open()] - Websocket Opened: ID: 140202705852592, Proxied: False, User Agent: Mozilla/5.0 (X11; Linux x86_64; rv:148.0) Gecko/20100101 Firefox/148.0, Host Name: localhost
2026-04-07 10:40:03,377 [websockets.py:_handle_identify()] - Websocket 140202705852592 Client Identified - Name: mainsail, Version: 2.14.0, Type: web
2026-04-07 10:40:03,388 [application.py:log_request()] - 404 GET /server/files/config/.theme/default.json?time=1775558403385 (172.18.0.1) [_TRUSTED_USER_] 1.40ms
2026-04-07 10:40:03,389 [application.py:log_request()] - 404 GET /server/files/config/.theme/maintenance.json?time=1775558403385 (172.18.0.1) [_TRUSTED_USER_] 1.57ms
2026-04-07 10:40:03,516 [websockets.py:on_close()] - Websocket Closed: ID: 140202705853216 Close Code: None, Close Reason: None, Pong Time Elapsed: 1.48
2026-04-07 10:40:03,519 [application.py:log_request()] - 101 GET /websocket (172.18.0.1) [_TRUSTED_USER_] 0.33ms
2026-04-07 10:40:03,519 [websockets.py:open()] - Websocket Opened: ID: 140202705850912, Proxied: False, User Agent: Mozilla/5.0 (X11; Linux x86_64; rv:148.0) Gecko/20100101 Firefox/148.0, Host Name: localhost
2026-04-07 10:40:03,535 [file_manager.py:get_file_list()] - Updating File List <config>...
2026-04-07 10:41:05,736 [klippy_connection.py:wait()] - Request 'gcode/script' pending: 60.00 seconds
2026-04-07 10:41:37,284 [application.py:prepare()] - Upload Request Received from 172.18.0.1
Content-Type: 
2026-04-07 10:41:37,285 [application.py:prepare()] - Upload Request Received from 172.18.0.1
Content-Type: multipart/form-data; boundary=----geckoformboundary9246cf39a955d54fcae605da7d58f27d
2026-04-07 10:41:37,310 [application.py:post()] - Processing Uploaded File: CE5S1_tmp_vopnv3yUmikot51s_-_Lugstand_DEDICA.gcode
2026-04-07 10:41:37,363 [shell_command.py:pipe_data_received()] - INFO:prepropress_cancellation:Shapely not found, complex hulls disabled

2026-04-07 10:41:37,363 [shell_command.py:pipe_data_received()] - INFO:metadata:Performing Object Processing on file: CE5S1_tmp_vopnv3yUmikot51s_-_Lugstand_DEDICA.gcode, sliced by Cura

2026-04-07 10:41:37,587 [shell_command.py:_check_proc_success()] - Command (/opt/venv/bin/python /opt/moonraker/moonraker/components/file_manager/metadata.py -c /tmp/metacfg-v4f4jojg.json) successfully finished
2026-04-07 10:41:37,587 [klippy_apis.py:start_print()] - Requesting Job Start, filename = CE5S1_tmp_vopnv3yUmikot51s_-_Lugstand_DEDICA.gcode
2026-04-07 10:41:37,588 [application.py:log_request()] - 201 POST /server/files/upload (172.18.0.1) [_TRUSTED_USER_] 302.91ms
2026-04-07 10:41:37,649 [job_state.py:_send_job_event()] - Job Started: CE5S1_tmp_vopnv3yUmikot51s_-_Lugstand_DEDICA.gcode
2026-04-07 11:34:19,758 [klippy_apis.py:pause_print()] - Requesting job pause...
2026-04-07 11:34:20,814 [klippy_apis.py:cancel_print()] - Requesting job cancel...
2026-04-07 11:42:57,207 [authorization.py:_prune_conn_handler()] - Trusted Connection Expired, IP: 172.18.0.1
2026-04-07 11:45:14,850 [authorization.py:_check_trusted_connection()] - Trusted Connection Detected, IP: 172.18.0.1
2026-04-07 11:45:14,850 [application.py:prepare()] - Upload Request Received from 172.18.0.1
Content-Type: multipart/form-data; boundary=----geckoformboundary895e04d972eda1e99039ec9890e30aa0
2026-04-07 11:45:14,858 [application.py:post()] - Processing Uploaded File: CE5S1_Umikot51 - Base 26mm NoMagnet Lug.gcode
2026-04-07 11:45:14,906 [shell_command.py:pipe_data_received()] - INFO:prepropress_cancellation:Shapely not found, complex hulls disabled

2026-04-07 11:45:14,906 [shell_command.py:pipe_data_received()] - INFO:metadata:Performing Object Processing on file: CE5S1_Umikot51 - Base 26mm NoMagnet Lug.gcode, sliced by Cura

2026-04-07 11:45:15,102 [shell_command.py:_check_proc_success()] - Command (/opt/venv/bin/python /opt/moonraker/moonraker/components/file_manager/metadata.py -c /tmp/metacfg-nro1uetq.json) successfully finished
2026-04-07 11:45:15,102 [klippy_apis.py:start_print()] - Requesting Job Start, filename = CE5S1_Umikot51 - Base 26mm NoMagnet Lug.gcode
2026-04-07 11:45:15,103 [application.py:log_request()] - 201 POST /server/files/upload (172.18.0.1) [_TRUSTED_USER_] 253.37ms
2026-04-07 11:45:15,244 [job_state.py:_send_job_event()] - Job Started: CE5S1_Umikot51 - Base 26mm NoMagnet Lug.gcode
2026-04-07 12:47:57,219 [authorization.py:_prune_conn_handler()] - Trusted Connection Expired, IP: 172.18.0.1
2026-04-07 14:29:04,434 [authorization.py:_check_trusted_connection()] - Trusted Connection Detected, IP: 172.18.0.1
2026-04-07 14:29:04,434 [application.py:prepare()] - Upload Request Received from 172.18.0.1
Content-Type: multipart/form-data; boundary=----geckoformboundaryda6655acafac6f6fa48ae48492a1ad64
2026-04-07 14:29:04,437 [application.py:post()] - Processing Uploaded File: CE5S1_Umikot51 - Spin Ring V1.71.gcode
2026-04-07 14:29:04,484 [shell_command.py:pipe_data_received()] - INFO:prepropress_cancellation:Shapely not found, complex hulls disabled

2026-04-07 14:29:04,484 [shell_command.py:pipe_data_received()] - INFO:metadata:Performing Object Processing on file: CE5S1_Umikot51 - Spin Ring V1.71.gcode, sliced by Cura

2026-04-07 14:29:04,563 [shell_command.py:_check_proc_success()] - Command (/opt/venv/bin/python /opt/moonraker/moonraker/components/file_manager/metadata.py -c /tmp/metacfg-qxdzz78h.json) successfully finished
2026-04-07 14:29:04,563 [klippy_apis.py:start_print()] - Requesting Job Start, filename = CE5S1_Umikot51 - Spin Ring V1.71.gcode
2026-04-07 14:29:04,564 [application.py:log_request()] - 201 POST /server/files/upload (172.18.0.1) [_TRUSTED_USER_] 130.27ms
2026-04-07 14:29:04,644 [job_state.py:_send_job_event()] - Job Started: CE5S1_Umikot51 - Spin Ring V1.71.gcode
2026-04-07 15:32:57,247 [authorization.py:_prune_conn_handler()] - Trusted Connection Expired, IP: 172.18.0.1
2026-04-07 16:08:13,357 [server.py:_handle_term_signal()] - Exiting with signal SIGTERM
2026-04-07 16:08:13,487 [websockets.py:on_close()] - Websocket Closed: ID: 140202705852592 Close Code: None, Close Reason: None, Pong Time Elapsed: 8.41
2026-04-07 16:08:13,493 [websockets.py:on_close()] - Websocket Closed: ID: 140202705850912 Close Code: None, Close Reason: None, Pong Time Elapsed: 8.33
2026-04-07 16:08:13,494 [klippy_connection.py:_on_connection_closed()] - Klippy Connection Removed
2026-04-07 16:08:13,498 [server.py:main()] - Server Shutdown
-------------------- Log Start | Tue Apr  7 16:30:28 2026 --------------------
platform: Linux-6.12.76-x86_64-with-glibc2.41
data_path: /opt/printer_data
is_default_data_path: False
config_file: /opt/printer_data/config/moonraker.conf
backup_config: /opt/printer_data/config/.moonraker.conf.bkp
startup_warnings: []
verbose: False
debug: False
asyncio_debug: False
is_backup_config: False
is_python_package: False
instance_uuid: 15f63a98106d4daa9fb21c08f7824193
unix_socket_path: /opt/printer_data/comms/moonraker.sock
structured_logging: False
software_version: v0.10.0-19-g1ed102e-prind
log_file: /opt/printer_data/logs/moonraker.log
python_version: 3.12.13 (main, Mar 16 2026, 23:06:54) [GCC 14.2.0]
launch_args: /opt/venv/bin/python moonraker/moonraker/moonraker.py -d /opt/printer_data
msgspec_enabled: False
uvloop_enabled: False
2026-04-07 16:30:28,877 [confighelper.py:read_file()] - Configuration File '/opt/printer_data/config/moonraker.conf' parsed, total size: 736 B
2026-04-07 16:30:28,877 [server.py:add_log_rollover_item()] - 
#################### Moonraker Configuration ####################

[server]
host = 0.0.0.0
port = 7125
klippy_uds_address = /opt/printer_data/run/klipper.sock

[file_manager]
queue_gcode_uploads = False
enable_object_processing = True
enable_config_write_access = True

[job_queue]
load_on_startup = True

[data_store]
temperature_store_size = 1800
gcode_store_size = 1000

[authorization]
cors_domains = 
	http://*.local
	http://*.local:*
	http://localhost
	http://localhost:*
	http://localhost:8080
	http://127.0.0.1
	http://127.0.0.1:*
	http://127.0.0.1:8080
trusted_clients = 
	10.0.0.0/8
	127.0.0.0/8
	169.254.0.0/16
	172.16.0.0/12
	192.168.0.0/16
	FE80::/10
	::1/128

[octoprint_compat]

[history]

[update_manager]
enable_system_updates = False

[machine]
provider = none
validate_service = false

#################################################################
All Configuration Files:
/opt/printer_data/config/moonraker.conf
#################################################################
2026-04-07 16:30:28,891 [server.py:load_component()] - Component (secrets) loaded
2026-04-07 16:30:28,893 [server.py:load_component()] - Component (template) loaded
2026-04-07 16:30:28,893 [server.py:load_component()] - Component (klippy_connection) loaded
2026-04-07 16:30:28,979 [application.py:__init__()] - Detected Tornado Version 6.5.5
2026-04-07 16:30:28,979 [server.py:load_component()] - Component (application) loaded
2026-04-07 16:30:28,982 [server.py:load_component()] - Component (websockets) loaded
2026-04-07 16:30:28,986 [server.py:add_log_rollover_item()] - Loading Sqlite database provider. Sqlite Version: 3.46.1
2026-04-07 16:30:28,986 [server.py:add_log_rollover_item()] - Database: Stored Instance ID does not match current Instance ID.

Current UUID: 15f63a98106d4daa9fb21c08f7824193
Stored UUID: 38f8bf5407c34c499b5cfd66cee62da2
2026-04-07 16:30:28,986 [server.py:add_log_rollover_item()] - Unsafe Shutdown Count: 0
2026-04-07 16:30:28,986 [server.py:load_component()] - Component (database) loaded
2026-04-07 16:30:28,999 [server.py:load_component()] - Component (dbus_manager) loaded
2026-04-07 16:30:29,003 [file_manager.py:__init__()] - Using File System Observer: inotify
2026-04-07 16:30:29,006 [server.py:load_component()] - Component (file_manager) loaded
2026-04-07 16:30:29,010 [database.py:register_table()] - Found registered table authorized_users
2026-04-07 16:30:29,010 [authorization.py:__init__()] - Authorization Configuration Loaded
Trusted Clients:
10.0.0.0/8
127.0.0.0/8
169.254.0.0/16
172.16.0.0/12
192.168.0.0/16
fe80::/10
::1/128
CORS Domains:
http://.*\.local
http://.*\.local:.*
http://localhost
http://localhost:.*
http://localhost:8080
http://127\.0\.0\.1
http://127\.0\.0\.1:.*
http://127\.0\.0\.1:8080
2026-04-07 16:30:29,011 [server.py:load_component()] - Component (authorization) loaded
2026-04-07 16:30:29,012 [server.py:load_component()] - Component (klippy_apis) loaded
2026-04-07 16:30:29,020 [machine.py:_check_inside_container()] - Container detected via sched: docker
2026-04-07 16:30:29,020 [server.py:add_log_rollover_item()] - 
System Info:

***python***
  version: (3, 12, 13, 'final', 0)
  version_string: 3.12.13 (main, Mar 16 2026, 23:06:54) [GCC 14.2.0]

***cpu_info***
  cpu_count: 32
  bits: 64bit
  processor: x86_64
  cpu_desc: Intel(R) Core(TM) i9-14900KF
  serial_number: 
  hardware_desc: 
  model: 
  total_memory: 65646724
  memory_units: kB

***sd_info***

***distribution***
  name: Debian GNU/Linux 13 (trixie)
  id: debian
  version: 13
  version_parts: {'major': '13', 'minor': '', 'build_number': ''}
  like: 
  codename: trixie
  release_info: {}
  kernel_version: 6.12.76

***virtualization***
  virt_type: container
  virt_identifier: docker

***network***

***canbus***

***Allowed Services***
  klipper_mcu
  webcamd
  MoonCord
  KlipperScreen
  moonraker-telegram-bot
  moonraker-obico
  sonar
  crowsnest
  octoeverywhere
  ratos-configurator
2026-04-07 16:30:29,020 [server.py:load_component()] - Component (shell_command) loaded
2026-04-07 16:30:29,020 [machine.py:__init__()] - Using System Provider: none
2026-04-07 16:30:29,021 [server.py:add_log_rollover_item()] - Module libcamera unavailable, import failed
2026-04-07 16:30:29,021 [server.py:load_component()] - Component (machine) loaded
2026-04-07 16:30:29,022 [server.py:load_component()] - Component (data_store) loaded
2026-04-07 16:30:29,022 [proc_stats.py:__init__()] - Unable to find 'vcgencmd', throttle checking disabled
2026-04-07 16:30:29,022 [proc_stats.py:_get_cpu_thermal_file()] - Monitoring temperature for Intel CPU
2026-04-07 16:30:29,022 [server.py:load_component()] - Component (proc_stats) loaded
2026-04-07 16:30:29,023 [server.py:load_component()] - Component (job_state) loaded
2026-04-07 16:30:29,023 [server.py:load_component()] - Component (job_queue) loaded
2026-04-07 16:30:29,024 [database.py:register_table()] - Found registered table job_history
2026-04-07 16:30:29,024 [database.py:register_table()] - Found registered table job_totals
2026-04-07 16:30:29,024 [server.py:load_component()] - Component (history) loaded
2026-04-07 16:30:29,026 [server.py:load_component()] - Component (http_client) loaded
2026-04-07 16:30:29,027 [server.py:load_component()] - Component (announcements) loaded
2026-04-07 16:30:29,027 [server.py:load_component()] - Component (webcam) loaded
2026-04-07 16:30:29,028 [server.py:load_component()] - Component (extensions) loaded
2026-04-07 16:30:29,039 [server.py:load_component()] - Component (update_manager) loaded
2026-04-07 16:30:29,039 [server.py:load_component()] - Component (octoprint_compat) loaded
2026-04-07 16:30:29,040 [server.py:_initialize_component()] - Performing Component Post Init: [database]
2026-04-07 16:30:29,041 [server.py:_initialize_component()] - Performing Component Post Init: [dbus_manager]
2026-04-07 16:30:29,042 [dbus_manager.py:component_init()] - Unable to Connect to D-Bus
2026-04-07 16:30:29,042 [server.py:_initialize_component()] - Performing Component Post Init: [authorization]
2026-04-07 16:30:29,042 [server.py:_initialize_component()] - Performing Component Post Init: [machine]
2026-04-07 16:30:29,042 [machine.py:validation_init()] - Installation version in database up to date
2026-04-07 16:30:29,047 [machine.py:_find_public_ip()] - Detected Local IP: 172.18.0.4
2026-04-07 16:30:29,047 [server.py:_initialize_component()] - Performing Component Post Init: [proc_stats]
2026-04-07 16:30:29,047 [server.py:_initialize_component()] - Performing Component Post Init: [history]
2026-04-07 16:30:29,047 [webcam.py:_set_default_host_ip()] - Default public webcam address set: http://172.18.0.4
2026-04-07 16:30:29,048 [server.py:_initialize_component()] - Performing Component Post Init: [announcements]
2026-04-07 16:30:29,048 [server.py:_initialize_component()] - Performing Component Post Init: [webcam]
2026-04-07 16:30:29,048 [webcam.py:_set_default_host_ip()] - Default public webcam address set: http://172.18.0.4
2026-04-07 16:30:29,048 [server.py:_initialize_component()] - Performing Component Post Init: [klippy_connection]
2026-04-07 16:30:29,048 [server.py:_initialize_component()] - Performing Component Post Init: [update_manager]
2026-04-07 16:30:29,050 [extensions.py:start_unix_server()] - Creating Unix Domain Socket at '/opt/printer_data/comms/moonraker.sock'
2026-04-07 16:30:29,050 [server.py:start_server()] - Starting Moonraker on (0.0.0.0, 7125), Hostname: 2b1b673eba07
2026-04-07 16:30:29,051 [application.py:listen()] - SSL Certificate/Key not configured, aborting HTTPS Server startup
2026-04-07 16:30:29,303 [klippy_connection.py:_do_connect()] - Klippy Connection Established
2026-04-07 16:30:29,555 [server.py:add_log_rollover_item()] - Klipper Version: v0.13.0-595-gb0e6ca45f-prind
2026-04-07 16:30:29,555 [server.py:add_warning()] - Supplied path (/opt/klipper/config) for (config_examples) is invalid. Make sure
that the path exists and is not the file system root.
2026-04-07 16:30:29,555 [server.py:add_warning()] - Supplied path (/opt/klipper/docs) for (docs) is invalid. Make sure
that the path exists and is not the file system root.
2026-04-07 16:30:31,063 [klippy_connection.py:_request_initial_subscriptions()] - Webhooks Subscribed
2026-04-07 16:30:31,063 [klippy_connection.py:_request_initial_subscriptions()] - GCode Output Subscribed
2026-04-07 16:30:31,318 [job_state.py:_handle_started()] - Job state initialized: standby
2026-04-07 16:30:31,574 [klippy_connection.py:_check_ready()] - Klippy ready
2026-04-07 16:30:32,081 [data_store.py:_init_sensors()] - Configuring available sensors: ['heater_bed', 'extruder']
2026-04-07 16:35:11,314 [authorization.py:_check_trusted_connection()] - Trusted Connection Detected, IP: 172.18.0.1
2026-04-07 16:35:11,314 [application.py:log_request()] - 101 GET /websocket (172.18.0.1) [_TRUSTED_USER_] 0.49ms
2026-04-07 16:35:11,314 [websockets.py:open()] - Websocket Opened: ID: 139923176970848, Proxied: False, User Agent: Mozilla/5.0 (X11; Linux x86_64; rv:148.0) Gecko/20100101 Firefox/148.0, Host Name: localhost
2026-04-07 16:35:11,333 [file_manager.py:get_file_list()] - Updating File List <config>...
2026-04-07 17:35:29,052 [authorization.py:_prune_conn_handler()] - Trusted Connection Expired, IP: 172.18.0.1
